// Jest Snapshot v1, https://goo.gl/fbAQLP

exports[`<StageList /> renders UI correctly 1`] = `
<div
  className="stage"
/>
`;
